;
/file/read-case-data TPF_Con-01444_G_15_L10.cas yes
/plot/plot yes velocity-H2O-01444-G15-L10.out yes no no phase-water velocity-magnitude yes 1 0 axis()
/plot/plot yes velocity-N2-01444-G15-L10.out yes no no phase-nitrogen velocity-magnitude yes 1 0 axis()
/plot/plot yes Turbulent-Re_y-01444-G15-L10.out yes no no mixture turb-reynolds-number-rey yes 1 0 axis()
/file/write-case-data TPF_Con-01444_G_15_L10.cas yes
;
/file/read-case-data TPF_Con-01444_G_15_L15.cas yes
/plot/plot yes velocity-H2O-01444-G15-L15.out yes no no phase-water velocity-magnitude yes 1 0 axis()
/plot/plot yes velocity-N2-01444-G15-L15.out yes no no phase-nitrogen velocity-magnitude yes 1 0 axis()
/plot/plot yes Turbulent-Re_y-01444-G15-L15.out yes no no mixture turb-reynolds-number-rey yes 1 0 axis()
/file/write-case-data TPF_Con-01444_G_15_L15.cas yes
;
/file/read-case-data TPF_Con-01444_G_15_L175.cas yes
/plot/plot yes velocity-H2O-01444-G15-L175.out yes no no phase-water velocity-magnitude yes 1 0 axis()
/plot/plot yes velocity-N2-01444-G15-L175.out yes no no phase-nitrogen velocity-magnitude yes 1 0 axis()
/plot/plot yes Turbulent-Re_y-01444-G15-L175.out yes no no mixture turb-reynolds-number-rey yes 1 0 axis()
/file/write-case-data TPF_Con-01444_G_15_L175.cas yes
;
/file/read-case-data TPF_Con-01444_G_15_L200.cas yes
/plot/plot yes velocity-H2O-01444-G15-L200.out yes no no phase-water velocity-magnitude yes 1 0 axis()
/plot/plot yes velocity-N2-01444-G15-L200.out yes no no phase-nitrogen velocity-magnitude yes 1 0 axis()
/plot/plot yes Turbulent-Re_y-01444-G15-L200.out yes no no mixture turb-reynolds-number-rey yes 1 0 axis()
/file/write-case-data TPF_Con-01444_G_15_L200.cas yes
;
/file/read-case-data TPF_Con-01444_G_15_L225.cas yes
/plot/plot yes velocity-H2O-01444-G15-L225.out yes no no phase-water velocity-magnitude yes 1 0 axis()
/plot/plot yes velocity-N2-01444-G15-L225.out yes no no phase-nitrogen velocity-magnitude yes 1 0 axis()
/plot/plot yes Turbulent-Re_y-01444-G15-L225.out yes no no mixture turb-reynolds-number-rey yes 1 0 axis()
/file/write-case-data TPF_Con-01444_G_15_L225.cas yes
;
/file/read-case-data TPF_Con-01444_G_15_L245.cas yes
/plot/plot yes velocity-H2O-01444-G15-L245.out yes no no phase-water velocity-magnitude yes 1 0 axis()
/plot/plot yes velocity-N2-01444-G15-L245.out yes no no phase-nitrogen velocity-magnitude yes 1 0 axis()
/plot/plot yes Turbulent-Re_y-01444-G15-L245.out yes no no mixture turb-reynolds-number-rey yes 1 0 axis()
/file/write-case-data TPF_Con-01444_G_15_L245.cas yes
;
/file/read-case-data TPF_Con-01444_G_15_L265.cas yes
/plot/plot yes velocity-H2O-01444-G15-L265.out yes no no phase-water velocity-magnitude yes 1 0 axis()
/plot/plot yes velocity-N2-01444-G15-L265.out yes no no phase-nitrogen velocity-magnitude yes 1 0 axis()
/plot/plot yes Turbulent-Re_y-01444-G15-L265.out yes no no mixture turb-reynolds-number-rey yes 1 0 axis()
/file/write-case-data TPF_Con-01444_G_15_L265.cas yes
;
/file/read-case-data TPF_Con-01444_G_15_L285.cas yes
/plot/plot yes velocity-H2O-01444-G15-L285.out yes no no phase-water velocity-magnitude yes 1 0 axis()
/plot/plot yes velocity-N2-01444-G15-L285.out yes no no phase-nitrogen velocity-magnitude yes 1 0 axis()
/plot/plot yes Turbulent-Re_y-01444-G15-L285.out yes no no mixture turb-reynolds-number-rey yes 1 0 axis()
/file/write-case-data TPF_Con-01444_G_15_L285.cas yes
;
/file/read-case-data TPF_Con-01444_G_15_L300.cas yes
/plot/plot yes velocity-H2O-01444-G15-L300.out yes no no phase-water velocity-magnitude yes 1 0 axis()
/plot/plot yes velocity-N2-01444-G15-L300.out yes no no phase-nitrogen velocity-magnitude yes 1 0 axis()
/plot/plot yes Turbulent-Re_y-01444-G15-L300.out yes no no mixture turb-reynolds-number-rey yes 1 0 axis()
/file/write-case-data TPF_Con-01444_G_15_L300.cas yes
